Archive member included to satisfy reference by file (symbol)

c:/program files (x86)/atmel/studio/7.0/toolchain/avr8/avr8-gnu-toolchain/bin/../lib/gcc/avr/5.4.0/avr5\libgcc.a(_udivmodsi4.o)
                              HAL/LCD/LCD_PRog.o (__udivmodsi4)
c:/program files (x86)/atmel/studio/7.0/toolchain/avr8/avr8-gnu-toolchain/bin/../lib/gcc/avr/5.4.0/avr5\libgcc.a(_exit.o)
                              C:/Program Files (x86)/Atmel/Studio/7.0/Packs/atmel/ATmega_DFP/1.7.374/gcc/dev/atmega32/avr5/crtatmega32.o (exit)
c:/program files (x86)/atmel/studio/7.0/toolchain/avr8/avr8-gnu-toolchain/bin/../lib/gcc/avr/5.4.0/avr5\libgcc.a(_copy_data.o)
                              APP/main.o (__do_copy_data)
c:/program files (x86)/atmel/studio/7.0/toolchain/avr8/avr8-gnu-toolchain/bin/../lib/gcc/avr/5.4.0/avr5\libgcc.a(_clear_bss.o)
                              APP/main.o (__do_clear_bss)
c:/program files (x86)/atmel/studio/7.0/toolchain/avr8/avr8-gnu-toolchain/bin/../lib/gcc/avr/5.4.0/avr5\libgcc.a(_umulhisi3.o)
                              APP/main.o (__umulhisi3)

Discarded input sections

 .data          0x00000000        0x0 C:/Program Files (x86)/Atmel/Studio/7.0/Packs/atmel/ATmega_DFP/1.7.374/gcc/dev/atmega32/avr5/crtatmega32.o
 .bss           0x00000000        0x0 C:/Program Files (x86)/Atmel/Studio/7.0/Packs/atmel/ATmega_DFP/1.7.374/gcc/dev/atmega32/avr5/crtatmega32.o
 .text          0x00000000        0x0 APP/main.o
 .data          0x00000000        0x0 APP/main.o
 .bss           0x00000000        0x0 APP/main.o
 .text          0x00000000        0x0 HAL/BTN/BTN-PRog.o
 .data          0x00000000        0x0 HAL/BTN/BTN-PRog.o
 .bss           0x00000000        0x0 HAL/BTN/BTN-PRog.o
 .text.BTN_eState
                0x00000000       0x7e HAL/BTN/BTN-PRog.o
 .debug_info    0x00000000      0x2c0 HAL/BTN/BTN-PRog.o
 .debug_abbrev  0x00000000       0xfb HAL/BTN/BTN-PRog.o
 .debug_loc     0x00000000       0xee HAL/BTN/BTN-PRog.o
 .debug_aranges
                0x00000000       0x20 HAL/BTN/BTN-PRog.o
 .debug_ranges  0x00000000       0x10 HAL/BTN/BTN-PRog.o
 .debug_line    0x00000000       0xd3 HAL/BTN/BTN-PRog.o
 .debug_str     0x00000000      0x2d7 HAL/BTN/BTN-PRog.o
 .comment       0x00000000       0x31 HAL/BTN/BTN-PRog.o
 .debug_frame   0x00000000       0x3c HAL/BTN/BTN-PRog.o
 .text          0x00000000        0x0 HAL/LCD/LCD_PRog.o
 .data          0x00000000        0x0 HAL/LCD/LCD_PRog.o
 .bss           0x00000000        0x0 HAL/LCD/LCD_PRog.o
 .text.LCD_VoidDrawPosition
                0x00000000       0x56 HAL/LCD/LCD_PRog.o
 .text          0x00000000        0x0 HAL/LED/LED_PRog.o
 .data          0x00000000        0x0 HAL/LED/LED_PRog.o
 .bss           0x00000000        0x0 HAL/LED/LED_PRog.o
 .text.LED_VoidON
                0x00000000       0x34 HAL/LED/LED_PRog.o
 .text.LED_VoidOFF
                0x00000000       0x34 HAL/LED/LED_PRog.o
 .text.LED_VoidToggle
                0x00000000       0x3a HAL/LED/LED_PRog.o
 .debug_info    0x00000000      0x302 HAL/LED/LED_PRog.o
 .debug_abbrev  0x00000000       0xea HAL/LED/LED_PRog.o
 .debug_loc     0x00000000      0x1c2 HAL/LED/LED_PRog.o
 .debug_aranges
                0x00000000       0x30 HAL/LED/LED_PRog.o
 .debug_ranges  0x00000000       0x20 HAL/LED/LED_PRog.o
 .debug_line    0x00000000       0xd8 HAL/LED/LED_PRog.o
 .debug_str     0x00000000      0x2b0 HAL/LED/LED_PRog.o
 .comment       0x00000000       0x31 HAL/LED/LED_PRog.o
 .debug_frame   0x00000000       0x74 HAL/LED/LED_PRog.o
 .text          0x00000000        0x0 HAL/MAX485/MAX485_PRog.o
 .data          0x00000000        0x0 HAL/MAX485/MAX485_PRog.o
 .bss           0x00000000        0x0 HAL/MAX485/MAX485_PRog.o
 .text.MAX485_VoidSendByte
                0x00000000       0x46 HAL/MAX485/MAX485_PRog.o
 .text.MAX485_VoidReceiveData
                0x00000000       0x42 HAL/MAX485/MAX485_PRog.o
 .text          0x00000000        0x0 HAL/Relay/RELAY_PRog.o
 .data          0x00000000        0x0 HAL/Relay/RELAY_PRog.o
 .bss           0x00000000        0x0 HAL/Relay/RELAY_PRog.o
 .text.RELAY_VoidInit
                0x00000000       0x38 HAL/Relay/RELAY_PRog.o
 .text          0x00000000        0x0 MCAL/ADC/ADC_PRog.o
 .data          0x00000000        0x0 MCAL/ADC/ADC_PRog.o
 .bss           0x00000000        0x0 MCAL/ADC/ADC_PRog.o
 .text          0x00000000        0x0 MCAL/DIO/DIO_PRog.o
 .data          0x00000000        0x0 MCAL/DIO/DIO_PRog.o
 .bss           0x00000000        0x0 MCAL/DIO/DIO_PRog.o
 .text.DIO_voidTogglePin
                0x00000000       0x92 MCAL/DIO/DIO_PRog.o
 .text.DIO_eReadPinVal
                0x00000000       0x88 MCAL/DIO/DIO_PRog.o
 .text.DIO_VoidSetPortVal
                0x00000000       0x20 MCAL/DIO/DIO_PRog.o
 .text          0x00000000        0x0 MCAL/TIM0/TIM0_PRog.o
 .data          0x00000000        0x0 MCAL/TIM0/TIM0_PRog.o
 .bss           0x00000000        0x0 MCAL/TIM0/TIM0_PRog.o
 .text          0x00000000        0x0 MCAL/UART/UART_PRog.o
 .data          0x00000000        0x0 MCAL/UART/UART_PRog.o
 .bss           0x00000000        0x0 MCAL/UART/UART_PRog.o
 .text.UART_u8ReceiveData
                0x00000000        0x8 MCAL/UART/UART_PRog.o
 .text.UART_VoidSendString
                0x00000000       0x1e MCAL/UART/UART_PRog.o
 .text.UART_VoidReceiveDataBuffer
                0x00000000       0x30 MCAL/UART/UART_PRog.o
 .text          0x00000000        0x0 MODBUS/MODBUS_PRog.o
 .data          0x00000000        0x0 MODBUS/MODBUS_PRog.o
 .bss           0x00000000        0x0 MODBUS/MODBUS_PRog.o
 .text          0x00000000        0x0 c:/program files (x86)/atmel/studio/7.0/toolchain/avr8/avr8-gnu-toolchain/bin/../lib/gcc/avr/5.4.0/avr5\libgcc.a(_udivmodsi4.o)
 .data          0x00000000        0x0 c:/program files (x86)/atmel/studio/7.0/toolchain/avr8/avr8-gnu-toolchain/bin/../lib/gcc/avr/5.4.0/avr5\libgcc.a(_udivmodsi4.o)
 .bss           0x00000000        0x0 c:/program files (x86)/atmel/studio/7.0/toolchain/avr8/avr8-gnu-toolchain/bin/../lib/gcc/avr/5.4.0/avr5\libgcc.a(_udivmodsi4.o)
 .text.libgcc.mul
                0x00000000        0x0 c:/program files (x86)/atmel/studio/7.0/toolchain/avr8/avr8-gnu-toolchain/bin/../lib/gcc/avr/5.4.0/avr5\libgcc.a(_udivmodsi4.o)
 .text.libgcc   0x00000000        0x0 c:/program files (x86)/atmel/studio/7.0/toolchain/avr8/avr8-gnu-toolchain/bin/../lib/gcc/avr/5.4.0/avr5\libgcc.a(_udivmodsi4.o)
 .text.libgcc.prologue
                0x00000000        0x0 c:/program files (x86)/atmel/studio/7.0/toolchain/avr8/avr8-gnu-toolchain/bin/../lib/gcc/avr/5.4.0/avr5\libgcc.a(_udivmodsi4.o)
 .text.libgcc.builtins
                0x00000000        0x0 c:/program files (x86)/atmel/studio/7.0/toolchain/avr8/avr8-gnu-toolchain/bin/../lib/gcc/avr/5.4.0/avr5\libgcc.a(_udivmodsi4.o)
 .text.libgcc.fmul
                0x00000000        0x0 c:/program files (x86)/atmel/studio/7.0/toolchain/avr8/avr8-gnu-toolchain/bin/../lib/gcc/avr/5.4.0/avr5\libgcc.a(_udivmodsi4.o)
 .text.libgcc.fixed
                0x00000000        0x0 c:/program files (x86)/atmel/studio/7.0/toolchain/avr8/avr8-gnu-toolchain/bin/../lib/gcc/avr/5.4.0/avr5\libgcc.a(_udivmodsi4.o)
 .text          0x00000000        0x0 c:/program files (x86)/atmel/studio/7.0/toolchain/avr8/avr8-gnu-toolchain/bin/../lib/gcc/avr/5.4.0/avr5\libgcc.a(_exit.o)
 .data          0x00000000        0x0 c:/program files (x86)/atmel/studio/7.0/toolchain/avr8/avr8-gnu-toolchain/bin/../lib/gcc/avr/5.4.0/avr5\libgcc.a(_exit.o)
 .bss           0x00000000        0x0 c:/program files (x86)/atmel/studio/7.0/toolchain/avr8/avr8-gnu-toolchain/bin/../lib/gcc/avr/5.4.0/avr5\libgcc.a(_exit.o)
 .text.libgcc.mul
                0x00000000        0x0 c:/program files (x86)/atmel/studio/7.0/toolchain/avr8/avr8-gnu-toolchain/bin/../lib/gcc/avr/5.4.0/avr5\libgcc.a(_exit.o)
 .text.libgcc.div
                0x00000000        0x0 c:/program files (x86)/atmel/studio/7.0/toolchain/avr8/avr8-gnu-toolchain/bin/../lib/gcc/avr/5.4.0/avr5\libgcc.a(_exit.o)
 .text.libgcc   0x00000000        0x0 c:/program files (x86)/atmel/studio/7.0/toolchain/avr8/avr8-gnu-toolchain/bin/../lib/gcc/avr/5.4.0/avr5\libgcc.a(_exit.o)
 .text.libgcc.prologue
                0x00000000        0x0 c:/program files (x86)/atmel/studio/7.0/toolchain/avr8/avr8-gnu-toolchain/bin/../lib/gcc/avr/5.4.0/avr5\libgcc.a(_exit.o)
 .text.libgcc.builtins
                0x00000000        0x0 c:/program files (x86)/atmel/studio/7.0/toolchain/avr8/avr8-gnu-toolchain/bin/../lib/gcc/avr/5.4.0/avr5\libgcc.a(_exit.o)
 .text.libgcc.fmul
                0x00000000        0x0 c:/program files (x86)/atmel/studio/7.0/toolchain/avr8/avr8-gnu-toolchain/bin/../lib/gcc/avr/5.4.0/avr5\libgcc.a(_exit.o)
 .text.libgcc.fixed
                0x00000000        0x0 c:/program files (x86)/atmel/studio/7.0/toolchain/avr8/avr8-gnu-toolchain/bin/../lib/gcc/avr/5.4.0/avr5\libgcc.a(_exit.o)
 .text          0x00000000        0x0 c:/program files (x86)/atmel/studio/7.0/toolchain/avr8/avr8-gnu-toolchain/bin/../lib/gcc/avr/5.4.0/avr5\libgcc.a(_copy_data.o)
 .data          0x00000000        0x0 c:/program files (x86)/atmel/studio/7.0/toolchain/avr8/avr8-gnu-toolchain/bin/../lib/gcc/avr/5.4.0/avr5\libgcc.a(_copy_data.o)
 .bss           0x00000000        0x0 c:/program files (x86)/atmel/studio/7.0/toolchain/avr8/avr8-gnu-toolchain/bin/../lib/gcc/avr/5.4.0/avr5\libgcc.a(_copy_data.o)
 .text.libgcc.mul
                0x00000000        0x0 c:/program files (x86)/atmel/studio/7.0/toolchain/avr8/avr8-gnu-toolchain/bin/../lib/gcc/avr/5.4.0/avr5\libgcc.a(_copy_data.o)
 .text.libgcc.div
                0x00000000        0x0 c:/program files (x86)/atmel/studio/7.0/toolchain/avr8/avr8-gnu-toolchain/bin/../lib/gcc/avr/5.4.0/avr5\libgcc.a(_copy_data.o)
 .text.libgcc   0x00000000        0x0 c:/program files (x86)/atmel/studio/7.0/toolchain/avr8/avr8-gnu-toolchain/bin/../lib/gcc/avr/5.4.0/avr5\libgcc.a(_copy_data.o)
 .text.libgcc.prologue
                0x00000000        0x0 c:/program files (x86)/atmel/studio/7.0/toolchain/avr8/avr8-gnu-toolchain/bin/../lib/gcc/avr/5.4.0/avr5\libgcc.a(_copy_data.o)
 .text.libgcc.builtins
                0x00000000        0x0 c:/program files (x86)/atmel/studio/7.0/toolchain/avr8/avr8-gnu-toolchain/bin/../lib/gcc/avr/5.4.0/avr5\libgcc.a(_copy_data.o)
 .text.libgcc.fmul
                0x00000000        0x0 c:/program files (x86)/atmel/studio/7.0/toolchain/avr8/avr8-gnu-toolchain/bin/../lib/gcc/avr/5.4.0/avr5\libgcc.a(_copy_data.o)
 .text.libgcc.fixed
                0x00000000        0x0 c:/program files (x86)/atmel/studio/7.0/toolchain/avr8/avr8-gnu-toolchain/bin/../lib/gcc/avr/5.4.0/avr5\libgcc.a(_copy_data.o)
 .text          0x00000000        0x0 c:/program files (x86)/atmel/studio/7.0/toolchain/avr8/avr8-gnu-toolchain/bin/../lib/gcc/avr/5.4.0/avr5\libgcc.a(_clear_bss.o)
 .data          0x00000000        0x0 c:/program files (x86)/atmel/studio/7.0/toolchain/avr8/avr8-gnu-toolchain/bin/../lib/gcc/avr/5.4.0/avr5\libgcc.a(_clear_bss.o)
 .bss           0x00000000        0x0 c:/program files (x86)/atmel/studio/7.0/toolchain/avr8/avr8-gnu-toolchain/bin/../lib/gcc/avr/5.4.0/avr5\libgcc.a(_clear_bss.o)
 .text.libgcc.mul
                0x00000000        0x0 c:/program files (x86)/atmel/studio/7.0/toolchain/avr8/avr8-gnu-toolchain/bin/../lib/gcc/avr/5.4.0/avr5\libgcc.a(_clear_bss.o)
 .text.libgcc.div
                0x00000000        0x0 c:/program files (x86)/atmel/studio/7.0/toolchain/avr8/avr8-gnu-toolchain/bin/../lib/gcc/avr/5.4.0/avr5\libgcc.a(_clear_bss.o)
 .text.libgcc   0x00000000        0x0 c:/program files (x86)/atmel/studio/7.0/toolchain/avr8/avr8-gnu-toolchain/bin/../lib/gcc/avr/5.4.0/avr5\libgcc.a(_clear_bss.o)
 .text.libgcc.prologue
                0x00000000        0x0 c:/program files (x86)/atmel/studio/7.0/toolchain/avr8/avr8-gnu-toolchain/bin/../lib/gcc/avr/5.4.0/avr5\libgcc.a(_clear_bss.o)
 .text.libgcc.builtins
                0x00000000        0x0 c:/program files (x86)/atmel/studio/7.0/toolchain/avr8/avr8-gnu-toolchain/bin/../lib/gcc/avr/5.4.0/avr5\libgcc.a(_clear_bss.o)
 .text.libgcc.fmul
                0x00000000        0x0 c:/program files (x86)/atmel/studio/7.0/toolchain/avr8/avr8-gnu-toolchain/bin/../lib/gcc/avr/5.4.0/avr5\libgcc.a(_clear_bss.o)
 .text.libgcc.fixed
                0x00000000        0x0 c:/program files (x86)/atmel/studio/7.0/toolchain/avr8/avr8-gnu-toolchain/bin/../lib/gcc/avr/5.4.0/avr5\libgcc.a(_clear_bss.o)
 .text          0x00000000        0x0 c:/program files (x86)/atmel/studio/7.0/toolchain/avr8/avr8-gnu-toolchain/bin/../lib/gcc/avr/5.4.0/avr5\libgcc.a(_umulhisi3.o)
 .data          0x00000000        0x0 c:/program files (x86)/atmel/studio/7.0/toolchain/avr8/avr8-gnu-toolchain/bin/../lib/gcc/avr/5.4.0/avr5\libgcc.a(_umulhisi3.o)
 .bss           0x00000000        0x0 c:/program files (x86)/atmel/studio/7.0/toolchain/avr8/avr8-gnu-toolchain/bin/../lib/gcc/avr/5.4.0/avr5\libgcc.a(_umulhisi3.o)
 .text.libgcc.div
                0x00000000        0x0 c:/program files (x86)/atmel/studio/7.0/toolchain/avr8/avr8-gnu-toolchain/bin/../lib/gcc/avr/5.4.0/avr5\libgcc.a(_umulhisi3.o)
 .text.libgcc   0x00000000        0x0 c:/program files (x86)/atmel/studio/7.0/toolchain/avr8/avr8-gnu-toolchain/bin/../lib/gcc/avr/5.4.0/avr5\libgcc.a(_umulhisi3.o)
 .text.libgcc.prologue
                0x00000000        0x0 c:/program files (x86)/atmel/studio/7.0/toolchain/avr8/avr8-gnu-toolchain/bin/../lib/gcc/avr/5.4.0/avr5\libgcc.a(_umulhisi3.o)
 .text.libgcc.builtins
                0x00000000        0x0 c:/program files (x86)/atmel/studio/7.0/toolchain/avr8/avr8-gnu-toolchain/bin/../lib/gcc/avr/5.4.0/avr5\libgcc.a(_umulhisi3.o)
 .text.libgcc.fmul
                0x00000000        0x0 c:/program files (x86)/atmel/studio/7.0/toolchain/avr8/avr8-gnu-toolchain/bin/../lib/gcc/avr/5.4.0/avr5\libgcc.a(_umulhisi3.o)
 .text.libgcc.fixed
                0x00000000        0x0 c:/program files (x86)/atmel/studio/7.0/toolchain/avr8/avr8-gnu-toolchain/bin/../lib/gcc/avr/5.4.0/avr5\libgcc.a(_umulhisi3.o)

Memory Configuration

Name             Origin             Length             Attributes
text             0x00000000         0x00008000         xr
data             0x00800060         0x00000800         rw !x
eeprom           0x00810000         0x00000400         rw !x
fuse             0x00820000         0x00000002         rw !x
lock             0x00830000         0x00000400         rw !x
signature        0x00840000         0x00000400         rw !x
user_signatures  0x00850000         0x00000400         rw !x
*default*        0x00000000         0xffffffff

Linker script and memory map

LOAD C:/Program Files (x86)/Atmel/Studio/7.0/Packs/atmel/ATmega_DFP/1.7.374/gcc/dev/atmega32/avr5/crtatmega32.o
LOAD APP/main.o
LOAD HAL/BTN/BTN-PRog.o
LOAD HAL/LCD/LCD_PRog.o
LOAD HAL/LED/LED_PRog.o
LOAD HAL/MAX485/MAX485_PRog.o
LOAD HAL/Relay/RELAY_PRog.o
LOAD MCAL/ADC/ADC_PRog.o
LOAD MCAL/DIO/DIO_PRog.o
LOAD MCAL/TIM0/TIM0_PRog.o
LOAD MCAL/UART/UART_PRog.o
LOAD MODBUS/MODBUS_PRog.o
START GROUP
LOAD c:/program files (x86)/atmel/studio/7.0/toolchain/avr8/avr8-gnu-toolchain/bin/../lib/gcc/avr/5.4.0/../../../../avr/lib/avr5\libm.a
END GROUP
START GROUP
LOAD c:/program files (x86)/atmel/studio/7.0/toolchain/avr8/avr8-gnu-toolchain/bin/../lib/gcc/avr/5.4.0/avr5\libgcc.a
LOAD c:/program files (x86)/atmel/studio/7.0/toolchain/avr8/avr8-gnu-toolchain/bin/../lib/gcc/avr/5.4.0/../../../../avr/lib/avr5\libm.a
LOAD c:/program files (x86)/atmel/studio/7.0/toolchain/avr8/avr8-gnu-toolchain/bin/../lib/gcc/avr/5.4.0/../../../../avr/lib/avr5\libc.a
LOAD C:/Program Files (x86)/Atmel/Studio/7.0/Packs/atmel/ATmega_DFP/1.7.374/gcc/dev/atmega32/avr5\libatmega32.a
END GROUP
                0x00000000                __TEXT_REGION_ORIGIN__ = DEFINED (__TEXT_REGION_ORIGIN__)?__TEXT_REGION_ORIGIN__:0x0
                [0x00800060]                __DATA_REGION_ORIGIN__ = DEFINED (__DATA_REGION_ORIGIN__)?__DATA_REGION_ORIGIN__:0x800060
                [0x00008000]                __TEXT_REGION_LENGTH__ = DEFINED (__TEXT_REGION_LENGTH__)?__TEXT_REGION_LENGTH__:0x20000
                [0x00000800]                __DATA_REGION_LENGTH__ = DEFINED (__DATA_REGION_LENGTH__)?__DATA_REGION_LENGTH__:0xffa0
                [0x00000400]                __EEPROM_REGION_LENGTH__ = DEFINED (__EEPROM_REGION_LENGTH__)?__EEPROM_REGION_LENGTH__:0x10000
                [0x00000002]                __FUSE_REGION_LENGTH__ = DEFINED (__FUSE_REGION_LENGTH__)?__FUSE_REGION_LENGTH__:0x400
                0x00000400                __LOCK_REGION_LENGTH__ = DEFINED (__LOCK_REGION_LENGTH__)?__LOCK_REGION_LENGTH__:0x400
                0x00000400                __SIGNATURE_REGION_LENGTH__ = DEFINED (__SIGNATURE_REGION_LENGTH__)?__SIGNATURE_REGION_LENGTH__:0x400
                0x00000400                __USER_SIGNATURE_REGION_LENGTH__ = DEFINED (__USER_SIGNATURE_REGION_LENGTH__)?__USER_SIGNATURE_REGION_LENGTH__:0x400

.hash
 *(.hash)

.dynsym
 *(.dynsym)

.dynstr
 *(.dynstr)

.gnu.version
 *(.gnu.version)

.gnu.version_d
 *(.gnu.version_d)

.gnu.version_r
 *(.gnu.version_r)

.rel.init
 *(.rel.init)

.rela.init
 *(.rela.init)

.rel.text
 *(.rel.text)
 *(.rel.text.*)
 *(.rel.gnu.linkonce.t*)

.rela.text
 *(.rela.text)
 *(.rela.text.*)
 *(.rela.gnu.linkonce.t*)

.rel.fini
 *(.rel.fini)

.rela.fini
 *(.rela.fini)

.rel.rodata
 *(.rel.rodata)
 *(.rel.rodata.*)
 *(.rel.gnu.linkonce.r*)

.rela.rodata
 *(.rela.rodata)
 *(.rela.rodata.*)
 *(.rela.gnu.linkonce.r*)

.rel.data
 *(.rel.data)
 *(.rel.data.*)
 *(.rel.gnu.linkonce.d*)

.rela.data
 *(.rela.data)
 *(.rela.data.*)
 *(.rela.gnu.linkonce.d*)

.rel.ctors
 *(.rel.ctors)

.rela.ctors
 *(.rela.ctors)

.rel.dtors
 *(.rel.dtors)

.rela.dtors
 *(.rela.dtors)

.rel.got
 *(.rel.got)

.rela.got
 *(.rela.got)

.rel.bss
 *(.rel.bss)

.rela.bss
 *(.rela.bss)

.rel.plt
 *(.rel.plt)

.rela.plt
 *(.rela.plt)

.text           0x00000000      0xa28
 *(.vectors)
 .vectors       0x00000000       0x54 C:/Program Files (x86)/Atmel/Studio/7.0/Packs/atmel/ATmega_DFP/1.7.374/gcc/dev/atmega32/avr5/crtatmega32.o
                0x00000000                __vector_default
                0x00000000                __vectors
 *(.vectors)
 *(.progmem.gcc*)
                0x00000054                . = ALIGN (0x2)
                0x00000054                __trampolines_start = .
 *(.trampolines)
 .trampolines   0x00000054        0x0 linker stubs
 *(.trampolines*)
                0x00000054                __trampolines_end = .
 *libprintf_flt.a:*(.progmem.data)
 *libc.a:*(.progmem.data)
 *(.progmem*)
                0x00000054                . = ALIGN (0x2)
 *(.jumptables)
 *(.jumptables*)
 *(.lowtext)
 *(.lowtext*)
                0x00000054                __ctors_start = .
 *(.ctors)
                0x00000054                __ctors_end = .
                0x00000054                __dtors_start = .
 *(.dtors)
                0x00000054                __dtors_end = .
 SORT(*)(.ctors)
 SORT(*)(.dtors)
 *(.init0)
 .init0         0x00000054        0x0 C:/Program Files (x86)/Atmel/Studio/7.0/Packs/atmel/ATmega_DFP/1.7.374/gcc/dev/atmega32/avr5/crtatmega32.o
                0x00000054                __init
 *(.init0)
 *(.init1)
 *(.init1)
 *(.init2)
 .init2         0x00000054        0xc C:/Program Files (x86)/Atmel/Studio/7.0/Packs/atmel/ATmega_DFP/1.7.374/gcc/dev/atmega32/avr5/crtatmega32.o
 *(.init2)
 *(.init3)
 *(.init3)
 *(.init4)
 .init4         0x00000060       0x16 c:/program files (x86)/atmel/studio/7.0/toolchain/avr8/avr8-gnu-toolchain/bin/../lib/gcc/avr/5.4.0/avr5\libgcc.a(_copy_data.o)
                0x00000060                __do_copy_data
 .init4         0x00000076       0x10 c:/program files (x86)/atmel/studio/7.0/toolchain/avr8/avr8-gnu-toolchain/bin/../lib/gcc/avr/5.4.0/avr5\libgcc.a(_clear_bss.o)
                0x00000076                __do_clear_bss
 *(.init4)
 *(.init5)
 *(.init5)
 *(.init6)
 *(.init6)
 *(.init7)
 *(.init7)
 *(.init8)
 *(.init8)
 *(.init9)
 .init9         0x00000086        0x8 C:/Program Files (x86)/Atmel/Studio/7.0/Packs/atmel/ATmega_DFP/1.7.374/gcc/dev/atmega32/avr5/crtatmega32.o
 *(.init9)
 *(.text)
 .text          0x0000008e        0x4 C:/Program Files (x86)/Atmel/Studio/7.0/Packs/atmel/ATmega_DFP/1.7.374/gcc/dev/atmega32/avr5/crtatmega32.o
                0x0000008e                __vector_1
                0x0000008e                __vector_12
                0x0000008e                __bad_interrupt
                0x0000008e                __vector_6
                0x0000008e                __vector_3
                0x0000008e                __vector_11
                0x0000008e                __vector_13
                0x0000008e                __vector_17
                0x0000008e                __vector_19
                0x0000008e                __vector_7
                0x0000008e                __vector_5
                0x0000008e                __vector_4
                0x0000008e                __vector_9
                0x0000008e                __vector_2
                0x0000008e                __vector_15
                0x0000008e                __vector_8
                0x0000008e                __vector_14
                0x0000008e                __vector_10
                0x0000008e                __vector_16
                0x0000008e                __vector_18
                0x0000008e                __vector_20
                0x00000092                . = ALIGN (0x2)
 *(.text.*)
 .text.main     0x00000092      0x170 APP/main.o
                0x00000092                main
 .text.LCD_VoidHalfSendData
                0x00000202       0x78 HAL/LCD/LCD_PRog.o
 .text.LCD_VoidSendEnablePulse
                0x0000027a       0x4c HAL/LCD/LCD_PRog.o
                0x0000027a                LCD_VoidSendEnablePulse
 .text.LCD_VoidSendCommand
                0x000002c6       0x48 HAL/LCD/LCD_PRog.o
                0x000002c6                LCD_VoidSendCommand
 .text.LCD_VoidSendData
                0x0000030e       0x48 HAL/LCD/LCD_PRog.o
                0x0000030e                LCD_VoidSendData
 .text.LCD_VoidClear
                0x00000356       0x14 HAL/LCD/LCD_PRog.o
                0x00000356                LCD_VoidClear
 .text.LCD_VoidInit
                0x0000036a       0x46 HAL/LCD/LCD_PRog.o
                0x0000036a                LCD_VoidInit
 .text.LCD_VoidSendString
                0x000003b0       0x26 HAL/LCD/LCD_PRog.o
                0x000003b0                LCD_VoidSendString
 .text.LCD_VoidGotoXY
                0x000003d6       0x10 HAL/LCD/LCD_PRog.o
                0x000003d6                LCD_VoidGotoXY
 .text.LCD_VoidSendNum
                0x000003e6       0x94 HAL/LCD/LCD_PRog.o
                0x000003e6                LCD_VoidSendNum
 .text.MAX485_VoidInit
                0x0000047a       0x38 HAL/MAX485/MAX485_PRog.o
                0x0000047a                MAX485_VoidInit
 .text.RELAY_VoidTurnON
                0x000004b2       0x36 HAL/Relay/RELAY_PRog.o
                0x000004b2                RELAY_VoidTurnON
 .text.RELAY_VoidTurnOFF
                0x000004e8       0x32 HAL/Relay/RELAY_PRog.o
                0x000004e8                RELAY_VoidTurnOFF
 .text.ADC_VoidInit
                0x0000051a       0x20 MCAL/ADC/ADC_PRog.o
                0x0000051a                ADC_VoidInit
 .text.ADC_u16GetChannelReading
                0x0000053a       0x22 MCAL/ADC/ADC_PRog.o
                0x0000053a                ADC_u16GetChannelReading
 .text.DIO_voidSetPinDir
                0x0000055c      0x10e MCAL/DIO/DIO_PRog.o
                0x0000055c                DIO_voidSetPinDir
 .text.DIO_voidSetPinVal
                0x0000066a      0x10e MCAL/DIO/DIO_PRog.o
                0x0000066a                DIO_voidSetPinVal
 .text.DIO_VoidSetPortDir
                0x00000778       0x20 MCAL/DIO/DIO_PRog.o
                0x00000778                DIO_VoidSetPortDir
 .text.TIM0_VoidInit
                0x00000798       0x26 MCAL/TIM0/TIM0_PRog.o
                0x00000798                TIM0_VoidInit
 .text.TIM0_VoidDelayMs
                0x000007be       0x34 MCAL/TIM0/TIM0_PRog.o
                0x000007be                TIM0_VoidDelayMs
 .text.UART_VoidInit
                0x000007f2       0x16 MCAL/UART/UART_PRog.o
                0x000007f2                UART_VoidInit
 .text.UART_VoidSendData
                0x00000808        0x8 MCAL/UART/UART_PRog.o
                0x00000808                UART_VoidSendData
 .text.UART_u8ReceiveNoBlock
                0x00000810       0x16 MCAL/UART/UART_PRog.o
                0x00000810                UART_u8ReceiveNoBlock
 .text.MODBUS_u16ClacCRC
                0x00000826       0x3c MODBUS/MODBUS_PRog.o
 .text.MODBUS_VoidProcessFrame
                0x00000862      0x104 MODBUS/MODBUS_PRog.o
 .text.MODBUS_voidInit
                0x00000966        0x6 MODBUS/MODBUS_PRog.o
                0x00000966                MODBUS_voidInit
 .text.MODBUS_voidTask
                0x0000096c       0x56 MODBUS/MODBUS_PRog.o
                0x0000096c                MODBUS_voidTask
 .text.libgcc.div
                0x000009c2       0x44 c:/program files (x86)/atmel/studio/7.0/toolchain/avr8/avr8-gnu-toolchain/bin/../lib/gcc/avr/5.4.0/avr5\libgcc.a(_udivmodsi4.o)
                0x000009c2                __udivmodsi4
 .text.libgcc.mul
                0x00000a06       0x1e c:/program files (x86)/atmel/studio/7.0/toolchain/avr8/avr8-gnu-toolchain/bin/../lib/gcc/avr/5.4.0/avr5\libgcc.a(_umulhisi3.o)
                0x00000a06                __umulhisi3
                0x00000a24                . = ALIGN (0x2)
 *(.fini9)
 .fini9         0x00000a24        0x0 c:/program files (x86)/atmel/studio/7.0/toolchain/avr8/avr8-gnu-toolchain/bin/../lib/gcc/avr/5.4.0/avr5\libgcc.a(_exit.o)
                0x00000a24                _exit
                0x00000a24                exit
 *(.fini9)
 *(.fini8)
 *(.fini8)
 *(.fini7)
 *(.fini7)
 *(.fini6)
 *(.fini6)
 *(.fini5)
 *(.fini5)
 *(.fini4)
 *(.fini4)
 *(.fini3)
 *(.fini3)
 *(.fini2)
 *(.fini2)
 *(.fini1)
 *(.fini1)
 *(.fini0)
 .fini0         0x00000a24        0x4 c:/program files (x86)/atmel/studio/7.0/toolchain/avr8/avr8-gnu-toolchain/bin/../lib/gcc/avr/5.4.0/avr5\libgcc.a(_exit.o)
 *(.fini0)
                0x00000a28                _etext = .

.data           0x00800060       0x4c load address 0x00000a28
                0x00800060                PROVIDE (__data_start, .)
 *(.data)
 *(.data*)
 .data.Loc_TempThreshold
                0x00800060        0x1 APP/main.o
                0x00800060                Loc_TempThreshold
 *(.gnu.linkonce.d*)
 *(.rodata)
 *(.rodata*)
 .rodata.str1.1
                0x00800061       0x4b APP/main.o
 *(.gnu.linkonce.r*)
                0x008000ac                . = ALIGN (0x2)
                0x008000ac                _edata = .
                0x008000ac                PROVIDE (__data_end, .)

.bss            0x008000ac        0xa
                0x008000ac                PROVIDE (__bss_start, .)
 *(.bss)
 *(.bss*)
 .bss.Loc_MotorState
                0x008000ac        0x1 APP/main.o
 .bss.Loc_Frame.1707
                0x008000ad        0x8 MODBUS/MODBUS_PRog.o
 .bss.Loc_Index.1708
                0x008000b5        0x1 MODBUS/MODBUS_PRog.o
 *(COMMON)
                0x008000b6                PROVIDE (__bss_end, .)
                0x00000a28                __data_load_start = LOADADDR (.data)
                0x00000a74                __data_load_end = (__data_load_start + SIZEOF (.data))

.noinit         0x008000b6        0x0
                [!provide]                PROVIDE (__noinit_start, .)
 *(.noinit*)
                [!provide]                PROVIDE (__noinit_end, .)
                0x008000b6                _end = .
                [!provide]                PROVIDE (__heap_start, .)

.eeprom         0x00810000        0x0
 *(.eeprom*)
                0x00810000                __eeprom_end = .

.fuse
 *(.fuse)
 *(.lfuse)
 *(.hfuse)
 *(.efuse)

.lock
 *(.lock*)

.signature
 *(.signature*)

.user_signatures
 *(.user_signatures*)

.stab
 *(.stab)

.stabstr
 *(.stabstr)

.stab.excl
 *(.stab.excl)

.stab.exclstr
 *(.stab.exclstr)

.stab.index
 *(.stab.index)

.stab.indexstr
 *(.stab.indexstr)

.comment        0x00000000       0x30
 *(.comment)
 .comment       0x00000000       0x30 APP/main.o
                                 0x31 (size before relaxing)
 .comment       0x00000030       0x31 HAL/LCD/LCD_PRog.o
 .comment       0x00000030       0x31 HAL/MAX485/MAX485_PRog.o
 .comment       0x00000030       0x31 HAL/Relay/RELAY_PRog.o
 .comment       0x00000030       0x31 MCAL/ADC/ADC_PRog.o
 .comment       0x00000030       0x31 MCAL/DIO/DIO_PRog.o
 .comment       0x00000030       0x31 MCAL/TIM0/TIM0_PRog.o
 .comment       0x00000030       0x31 MCAL/UART/UART_PRog.o
 .comment       0x00000030       0x31 MODBUS/MODBUS_PRog.o

.note.gnu.avr.deviceinfo
                0x00000000       0x3c
 .note.gnu.avr.deviceinfo
                0x00000000       0x3c C:/Program Files (x86)/Atmel/Studio/7.0/Packs/atmel/ATmega_DFP/1.7.374/gcc/dev/atmega32/avr5/crtatmega32.o

.note.gnu.build-id
 *(.note.gnu.build-id)

.debug
 *(.debug)

.line
 *(.line)

.debug_srcinfo
 *(.debug_srcinfo)

.debug_sfnames
 *(.debug_sfnames)

.debug_aranges  0x00000000      0x200
 *(.debug_aranges)
 .debug_aranges
                0x00000000       0x20 APP/main.o
 .debug_aranges
                0x00000020       0x68 HAL/LCD/LCD_PRog.o
 .debug_aranges
                0x00000088       0x30 HAL/MAX485/MAX485_PRog.o
 .debug_aranges
                0x000000b8       0x30 HAL/Relay/RELAY_PRog.o
 .debug_aranges
                0x000000e8       0x28 MCAL/ADC/ADC_PRog.o
 .debug_aranges
                0x00000110       0x48 MCAL/DIO/DIO_PRog.o
 .debug_aranges
                0x00000158       0x28 MCAL/TIM0/TIM0_PRog.o
 .debug_aranges
                0x00000180       0x48 MCAL/UART/UART_PRog.o
 .debug_aranges
                0x000001c8       0x38 MODBUS/MODBUS_PRog.o

.debug_pubnames
 *(.debug_pubnames)

.debug_info     0x00000000     0x202b
 *(.debug_info .gnu.linkonce.wi.*)
 .debug_info    0x00000000      0x4e6 C:/Program Files (x86)/Atmel/Studio/7.0/Packs/atmel/ATmega_DFP/1.7.374/gcc/dev/atmega32/avr5/crtatmega32.o
 .debug_info    0x000004e6      0x502 APP/main.o
 .debug_info    0x000009e8      0x734 HAL/LCD/LCD_PRog.o
 .debug_info    0x0000111c      0x2eb HAL/MAX485/MAX485_PRog.o
 .debug_info    0x00001407      0x269 HAL/Relay/RELAY_PRog.o
 .debug_info    0x00001670      0x10d MCAL/ADC/ADC_PRog.o
 .debug_info    0x0000177d      0x2b2 MCAL/DIO/DIO_PRog.o
 .debug_info    0x00001a2f      0x10a MCAL/TIM0/TIM0_PRog.o
 .debug_info    0x00001b39      0x191 MCAL/UART/UART_PRog.o
 .debug_info    0x00001cca      0x361 MODBUS/MODBUS_PRog.o

.debug_abbrev   0x00000000      0xd93
 *(.debug_abbrev)
 .debug_abbrev  0x00000000      0x4a3 C:/Program Files (x86)/Atmel/Studio/7.0/Packs/atmel/ATmega_DFP/1.7.374/gcc/dev/atmega32/avr5/crtatmega32.o
 .debug_abbrev  0x000004a3       0xe0 APP/main.o
 .debug_abbrev  0x00000583      0x17d HAL/LCD/LCD_PRog.o
 .debug_abbrev  0x00000700      0x10b HAL/MAX485/MAX485_PRog.o
 .debug_abbrev  0x0000080b       0xdb HAL/Relay/RELAY_PRog.o
 .debug_abbrev  0x000008e6       0x9f MCAL/ADC/ADC_PRog.o
 .debug_abbrev  0x00000985      0x114 MCAL/DIO/DIO_PRog.o
 .debug_abbrev  0x00000a99       0x9f MCAL/TIM0/TIM0_PRog.o
 .debug_abbrev  0x00000b38      0x101 MCAL/UART/UART_PRog.o
 .debug_abbrev  0x00000c39      0x15a MODBUS/MODBUS_PRog.o

.debug_line     0x00000000     0x117c
 *(.debug_line .debug_line.* .debug_line_end)
 .debug_line    0x00000000      0x116 C:/Program Files (x86)/Atmel/Studio/7.0/Packs/atmel/ATmega_DFP/1.7.374/gcc/dev/atmega32/avr5/crtatmega32.o
 .debug_line    0x00000116      0x287 APP/main.o
 .debug_line    0x0000039d      0x36a HAL/LCD/LCD_PRog.o
 .debug_line    0x00000707      0x158 HAL/MAX485/MAX485_PRog.o
 .debug_line    0x0000085f       0xd2 HAL/Relay/RELAY_PRog.o
 .debug_line    0x00000931       0xd8 MCAL/ADC/ADC_PRog.o
 .debug_line    0x00000a09      0x24b MCAL/DIO/DIO_PRog.o
 .debug_line    0x00000c54       0xea MCAL/TIM0/TIM0_PRog.o
 .debug_line    0x00000d3e      0x15d MCAL/UART/UART_PRog.o
 .debug_line    0x00000e9b      0x2e1 MODBUS/MODBUS_PRog.o

.debug_frame    0x00000000      0x488
 *(.debug_frame)
 .debug_frame   0x00000000       0x34 APP/main.o
 .debug_frame   0x00000034      0x158 HAL/LCD/LCD_PRog.o
 .debug_frame   0x0000018c       0x88 HAL/MAX485/MAX485_PRog.o
 .debug_frame   0x00000214       0x74 HAL/Relay/RELAY_PRog.o
 .debug_frame   0x00000288       0x34 MCAL/ADC/ADC_PRog.o
 .debug_frame   0x000002bc       0x74 MCAL/DIO/DIO_PRog.o
 .debug_frame   0x00000330       0x40 MCAL/TIM0/TIM0_PRog.o
 .debug_frame   0x00000370       0x94 MCAL/UART/UART_PRog.o
 .debug_frame   0x00000404       0x84 MODBUS/MODBUS_PRog.o

.debug_str      0x00000000      0xa2c
 *(.debug_str)
 .debug_str     0x00000000      0x196 C:/Program Files (x86)/Atmel/Studio/7.0/Packs/atmel/ATmega_DFP/1.7.374/gcc/dev/atmega32/avr5/crtatmega32.o
 .debug_str     0x00000196      0x29f APP/main.o
                                0x2d3 (size before relaxing)
 .debug_str     0x00000435      0x2a7 HAL/LCD/LCD_PRog.o
                                0x424 (size before relaxing)
 .debug_str     0x000006dc       0x91 HAL/MAX485/MAX485_PRog.o
                                0x2e2 (size before relaxing)
 .debug_str     0x0000076d       0x33 HAL/Relay/RELAY_PRog.o
                                0x29b (size before relaxing)
 .debug_str     0x000007a0       0x33 MCAL/ADC/ADC_PRog.o
                                0x1d4 (size before relaxing)
 .debug_str     0x000007d3       0x7b MCAL/DIO/DIO_PRog.o
                                0x2d3 (size before relaxing)
 .debug_str     0x0000084e       0x81 MCAL/TIM0/TIM0_PRog.o
                                0x1ff (size before relaxing)
 .debug_str     0x000008cf       0x7a MCAL/UART/UART_PRog.o
                                0x22e (size before relaxing)
 .debug_str     0x00000949       0xe3 MODBUS/MODBUS_PRog.o
                                0x30c (size before relaxing)

.debug_loc      0x00000000      0xed5
 *(.debug_loc)
 .debug_loc     0x00000000       0xa0 APP/main.o
 .debug_loc     0x000000a0      0x590 HAL/LCD/LCD_PRog.o
 .debug_loc     0x00000630      0x163 HAL/MAX485/MAX485_PRog.o
 .debug_loc     0x00000793       0xd8 HAL/Relay/RELAY_PRog.o
 .debug_loc     0x0000086b       0x21 MCAL/ADC/ADC_PRog.o
 .debug_loc     0x0000088c      0x227 MCAL/DIO/DIO_PRog.o
 .debug_loc     0x00000ab3       0x59 MCAL/TIM0/TIM0_PRog.o
 .debug_loc     0x00000b0c      0x168 MCAL/UART/UART_PRog.o
 .debug_loc     0x00000c74      0x261 MODBUS/MODBUS_PRog.o

.debug_macinfo
 *(.debug_macinfo)

.debug_weaknames
 *(.debug_weaknames)

.debug_funcnames
 *(.debug_funcnames)

.debug_typenames
 *(.debug_typenames)

.debug_varnames
 *(.debug_varnames)

.debug_pubtypes
 *(.debug_pubtypes)

.debug_ranges   0x00000000      0x170
 *(.debug_ranges)
 .debug_ranges  0x00000000       0x10 APP/main.o
 .debug_ranges  0x00000010       0x58 HAL/LCD/LCD_PRog.o
 .debug_ranges  0x00000068       0x20 HAL/MAX485/MAX485_PRog.o
 .debug_ranges  0x00000088       0x20 HAL/Relay/RELAY_PRog.o
 .debug_ranges  0x000000a8       0x18 MCAL/ADC/ADC_PRog.o
 .debug_ranges  0x000000c0       0x38 MCAL/DIO/DIO_PRog.o
 .debug_ranges  0x000000f8       0x18 MCAL/TIM0/TIM0_PRog.o
 .debug_ranges  0x00000110       0x38 MCAL/UART/UART_PRog.o
 .debug_ranges  0x00000148       0x28 MODBUS/MODBUS_PRog.o

.debug_macro
 *(.debug_macro)
OUTPUT(Project_1.elf elf32-avr)
LOAD linker stubs
