Archive member included to satisfy reference by file (symbol)

c:/program files (x86)/atmel/studio/7.0/toolchain/avr8/avr8-gnu-toolchain/bin/../lib/gcc/avr/5.4.0/avr5\libgcc.a(_udivmodsi4.o)
                              HAL/LCD/LCD_PRog.o (__udivmodsi4)
c:/program files (x86)/atmel/studio/7.0/toolchain/avr8/avr8-gnu-toolchain/bin/../lib/gcc/avr/5.4.0/avr5\libgcc.a(_exit.o)
                              C:/Program Files (x86)/Atmel/Studio/7.0/Packs/atmel/ATmega_DFP/1.7.374/gcc/dev/atmega32/avr5/crtatmega32.o (exit)
c:/program files (x86)/atmel/studio/7.0/toolchain/avr8/avr8-gnu-toolchain/bin/../lib/gcc/avr/5.4.0/avr5\libgcc.a(_copy_data.o)
                              APP/main.o (__do_copy_data)

Discarded input sections

 .data          0x00000000        0x0 C:/Program Files (x86)/Atmel/Studio/7.0/Packs/atmel/ATmega_DFP/1.7.374/gcc/dev/atmega32/avr5/crtatmega32.o
 .bss           0x00000000        0x0 C:/Program Files (x86)/Atmel/Studio/7.0/Packs/atmel/ATmega_DFP/1.7.374/gcc/dev/atmega32/avr5/crtatmega32.o
 .text          0x00000000        0x0 APP/main.o
 .data          0x00000000        0x0 APP/main.o
 .bss           0x00000000        0x0 APP/main.o
 .text          0x00000000        0x0 HAL/BTN/BTN-PRog.o
 .data          0x00000000        0x0 HAL/BTN/BTN-PRog.o
 .bss           0x00000000        0x0 HAL/BTN/BTN-PRog.o
 .text.BTN_eState
                0x00000000       0x7e HAL/BTN/BTN-PRog.o
 .debug_info    0x00000000      0x2c0 HAL/BTN/BTN-PRog.o
 .debug_abbrev  0x00000000       0xfb HAL/BTN/BTN-PRog.o
 .debug_loc     0x00000000       0xee HAL/BTN/BTN-PRog.o
 .debug_aranges
                0x00000000       0x20 HAL/BTN/BTN-PRog.o
 .debug_ranges  0x00000000       0x10 HAL/BTN/BTN-PRog.o
 .debug_line    0x00000000       0xd3 HAL/BTN/BTN-PRog.o
 .debug_str     0x00000000      0x2d5 HAL/BTN/BTN-PRog.o
 .comment       0x00000000       0x31 HAL/BTN/BTN-PRog.o
 .debug_frame   0x00000000       0x3c HAL/BTN/BTN-PRog.o
 .text          0x00000000        0x0 HAL/LCD/LCD_PRog.o
 .data          0x00000000        0x0 HAL/LCD/LCD_PRog.o
 .bss           0x00000000        0x0 HAL/LCD/LCD_PRog.o
 .text.LCD_VoidDrawPosition
                0x00000000       0x56 HAL/LCD/LCD_PRog.o
 .text.LCD_VoidSendNum
                0x00000000       0x94 HAL/LCD/LCD_PRog.o
 .text          0x00000000        0x0 HAL/LED/LED_PRog.o
 .data          0x00000000        0x0 HAL/LED/LED_PRog.o
 .bss           0x00000000        0x0 HAL/LED/LED_PRog.o
 .text.LED_VoidToggle
                0x00000000       0x3a HAL/LED/LED_PRog.o
 .text          0x00000000        0x0 MCAL/DIO/DIO_PRog.o
 .data          0x00000000        0x0 MCAL/DIO/DIO_PRog.o
 .bss           0x00000000        0x0 MCAL/DIO/DIO_PRog.o
 .text.DIO_voidTogglePin
                0x00000000       0x92 MCAL/DIO/DIO_PRog.o
 .text.DIO_eReadPinVal
                0x00000000       0x88 MCAL/DIO/DIO_PRog.o
 .text.DIO_VoidSetPortVal
                0x00000000       0x20 MCAL/DIO/DIO_PRog.o
 .text          0x00000000        0x0 MCAL/TIM0/TIM0_PRog.o
 .data          0x00000000        0x0 MCAL/TIM0/TIM0_PRog.o
 .bss           0x00000000        0x0 MCAL/TIM0/TIM0_PRog.o
 .text          0x00000000        0x0 MCAL/UART/UART_PRog.o
 .data          0x00000000        0x0 MCAL/UART/UART_PRog.o
 .bss           0x00000000        0x0 MCAL/UART/UART_PRog.o
 .text.UART_VoidSendData
                0x00000000        0x8 MCAL/UART/UART_PRog.o
 .text.UART_VoidSendString
                0x00000000       0x1e MCAL/UART/UART_PRog.o
 .text.UART_VoidReceiveDataBuffer
                0x00000000       0x30 MCAL/UART/UART_PRog.o
 .text          0x00000000        0x0 c:/program files (x86)/atmel/studio/7.0/toolchain/avr8/avr8-gnu-toolchain/bin/../lib/gcc/avr/5.4.0/avr5\libgcc.a(_udivmodsi4.o)
 .data          0x00000000        0x0 c:/program files (x86)/atmel/studio/7.0/toolchain/avr8/avr8-gnu-toolchain/bin/../lib/gcc/avr/5.4.0/avr5\libgcc.a(_udivmodsi4.o)
 .bss           0x00000000        0x0 c:/program files (x86)/atmel/studio/7.0/toolchain/avr8/avr8-gnu-toolchain/bin/../lib/gcc/avr/5.4.0/avr5\libgcc.a(_udivmodsi4.o)
 .text.libgcc.mul
                0x00000000        0x0 c:/program files (x86)/atmel/studio/7.0/toolchain/avr8/avr8-gnu-toolchain/bin/../lib/gcc/avr/5.4.0/avr5\libgcc.a(_udivmodsi4.o)
 .text.libgcc.div
                0x00000000       0x44 c:/program files (x86)/atmel/studio/7.0/toolchain/avr8/avr8-gnu-toolchain/bin/../lib/gcc/avr/5.4.0/avr5\libgcc.a(_udivmodsi4.o)
 .text.libgcc   0x00000000        0x0 c:/program files (x86)/atmel/studio/7.0/toolchain/avr8/avr8-gnu-toolchain/bin/../lib/gcc/avr/5.4.0/avr5\libgcc.a(_udivmodsi4.o)
 .text.libgcc.prologue
                0x00000000        0x0 c:/program files (x86)/atmel/studio/7.0/toolchain/avr8/avr8-gnu-toolchain/bin/../lib/gcc/avr/5.4.0/avr5\libgcc.a(_udivmodsi4.o)
 .text.libgcc.builtins
                0x00000000        0x0 c:/program files (x86)/atmel/studio/7.0/toolchain/avr8/avr8-gnu-toolchain/bin/../lib/gcc/avr/5.4.0/avr5\libgcc.a(_udivmodsi4.o)
 .text.libgcc.fmul
                0x00000000        0x0 c:/program files (x86)/atmel/studio/7.0/toolchain/avr8/avr8-gnu-toolchain/bin/../lib/gcc/avr/5.4.0/avr5\libgcc.a(_udivmodsi4.o)
 .text.libgcc.fixed
                0x00000000        0x0 c:/program files (x86)/atmel/studio/7.0/toolchain/avr8/avr8-gnu-toolchain/bin/../lib/gcc/avr/5.4.0/avr5\libgcc.a(_udivmodsi4.o)
 .text          0x00000000        0x0 c:/program files (x86)/atmel/studio/7.0/toolchain/avr8/avr8-gnu-toolchain/bin/../lib/gcc/avr/5.4.0/avr5\libgcc.a(_exit.o)
 .data          0x00000000        0x0 c:/program files (x86)/atmel/studio/7.0/toolchain/avr8/avr8-gnu-toolchain/bin/../lib/gcc/avr/5.4.0/avr5\libgcc.a(_exit.o)
 .bss           0x00000000        0x0 c:/program files (x86)/atmel/studio/7.0/toolchain/avr8/avr8-gnu-toolchain/bin/../lib/gcc/avr/5.4.0/avr5\libgcc.a(_exit.o)
 .text.libgcc.mul
                0x00000000        0x0 c:/program files (x86)/atmel/studio/7.0/toolchain/avr8/avr8-gnu-toolchain/bin/../lib/gcc/avr/5.4.0/avr5\libgcc.a(_exit.o)
 .text.libgcc.div
                0x00000000        0x0 c:/program files (x86)/atmel/studio/7.0/toolchain/avr8/avr8-gnu-toolchain/bin/../lib/gcc/avr/5.4.0/avr5\libgcc.a(_exit.o)
 .text.libgcc   0x00000000        0x0 c:/program files (x86)/atmel/studio/7.0/toolchain/avr8/avr8-gnu-toolchain/bin/../lib/gcc/avr/5.4.0/avr5\libgcc.a(_exit.o)
 .text.libgcc.prologue
                0x00000000        0x0 c:/program files (x86)/atmel/studio/7.0/toolchain/avr8/avr8-gnu-toolchain/bin/../lib/gcc/avr/5.4.0/avr5\libgcc.a(_exit.o)
 .text.libgcc.builtins
                0x00000000        0x0 c:/program files (x86)/atmel/studio/7.0/toolchain/avr8/avr8-gnu-toolchain/bin/../lib/gcc/avr/5.4.0/avr5\libgcc.a(_exit.o)
 .text.libgcc.fmul
                0x00000000        0x0 c:/program files (x86)/atmel/studio/7.0/toolchain/avr8/avr8-gnu-toolchain/bin/../lib/gcc/avr/5.4.0/avr5\libgcc.a(_exit.o)
 .text.libgcc.fixed
                0x00000000        0x0 c:/program files (x86)/atmel/studio/7.0/toolchain/avr8/avr8-gnu-toolchain/bin/../lib/gcc/avr/5.4.0/avr5\libgcc.a(_exit.o)
 .text          0x00000000        0x0 c:/program files (x86)/atmel/studio/7.0/toolchain/avr8/avr8-gnu-toolchain/bin/../lib/gcc/avr/5.4.0/avr5\libgcc.a(_copy_data.o)
 .data          0x00000000        0x0 c:/program files (x86)/atmel/studio/7.0/toolchain/avr8/avr8-gnu-toolchain/bin/../lib/gcc/avr/5.4.0/avr5\libgcc.a(_copy_data.o)
 .bss           0x00000000        0x0 c:/program files (x86)/atmel/studio/7.0/toolchain/avr8/avr8-gnu-toolchain/bin/../lib/gcc/avr/5.4.0/avr5\libgcc.a(_copy_data.o)
 .text.libgcc.mul
                0x00000000        0x0 c:/program files (x86)/atmel/studio/7.0/toolchain/avr8/avr8-gnu-toolchain/bin/../lib/gcc/avr/5.4.0/avr5\libgcc.a(_copy_data.o)
 .text.libgcc.div
                0x00000000        0x0 c:/program files (x86)/atmel/studio/7.0/toolchain/avr8/avr8-gnu-toolchain/bin/../lib/gcc/avr/5.4.0/avr5\libgcc.a(_copy_data.o)
 .text.libgcc   0x00000000        0x0 c:/program files (x86)/atmel/studio/7.0/toolchain/avr8/avr8-gnu-toolchain/bin/../lib/gcc/avr/5.4.0/avr5\libgcc.a(_copy_data.o)
 .text.libgcc.prologue
                0x00000000        0x0 c:/program files (x86)/atmel/studio/7.0/toolchain/avr8/avr8-gnu-toolchain/bin/../lib/gcc/avr/5.4.0/avr5\libgcc.a(_copy_data.o)
 .text.libgcc.builtins
                0x00000000        0x0 c:/program files (x86)/atmel/studio/7.0/toolchain/avr8/avr8-gnu-toolchain/bin/../lib/gcc/avr/5.4.0/avr5\libgcc.a(_copy_data.o)
 .text.libgcc.fmul
                0x00000000        0x0 c:/program files (x86)/atmel/studio/7.0/toolchain/avr8/avr8-gnu-toolchain/bin/../lib/gcc/avr/5.4.0/avr5\libgcc.a(_copy_data.o)
 .text.libgcc.fixed
                0x00000000        0x0 c:/program files (x86)/atmel/studio/7.0/toolchain/avr8/avr8-gnu-toolchain/bin/../lib/gcc/avr/5.4.0/avr5\libgcc.a(_copy_data.o)

Memory Configuration

Name             Origin             Length             Attributes
text             0x00000000         0x00008000         xr
data             0x00800060         0x00000800         rw !x
eeprom           0x00810000         0x00000400         rw !x
fuse             0x00820000         0x00000002         rw !x
lock             0x00830000         0x00000400         rw !x
signature        0x00840000         0x00000400         rw !x
user_signatures  0x00850000         0x00000400         rw !x
*default*        0x00000000         0xffffffff

Linker script and memory map

LOAD C:/Program Files (x86)/Atmel/Studio/7.0/Packs/atmel/ATmega_DFP/1.7.374/gcc/dev/atmega32/avr5/crtatmega32.o
LOAD APP/main.o
LOAD HAL/BTN/BTN-PRog.o
LOAD HAL/LCD/LCD_PRog.o
LOAD HAL/LED/LED_PRog.o
LOAD MCAL/DIO/DIO_PRog.o
LOAD MCAL/TIM0/TIM0_PRog.o
LOAD MCAL/UART/UART_PRog.o
START GROUP
LOAD c:/program files (x86)/atmel/studio/7.0/toolchain/avr8/avr8-gnu-toolchain/bin/../lib/gcc/avr/5.4.0/../../../../avr/lib/avr5\libm.a
END GROUP
START GROUP
LOAD c:/program files (x86)/atmel/studio/7.0/toolchain/avr8/avr8-gnu-toolchain/bin/../lib/gcc/avr/5.4.0/avr5\libgcc.a
LOAD c:/program files (x86)/atmel/studio/7.0/toolchain/avr8/avr8-gnu-toolchain/bin/../lib/gcc/avr/5.4.0/../../../../avr/lib/avr5\libm.a
LOAD c:/program files (x86)/atmel/studio/7.0/toolchain/avr8/avr8-gnu-toolchain/bin/../lib/gcc/avr/5.4.0/../../../../avr/lib/avr5\libc.a
LOAD C:/Program Files (x86)/Atmel/Studio/7.0/Packs/atmel/ATmega_DFP/1.7.374/gcc/dev/atmega32/avr5\libatmega32.a
END GROUP
                0x00000000                __TEXT_REGION_ORIGIN__ = DEFINED (__TEXT_REGION_ORIGIN__)?__TEXT_REGION_ORIGIN__:0x0
                [0x00800060]                __DATA_REGION_ORIGIN__ = DEFINED (__DATA_REGION_ORIGIN__)?__DATA_REGION_ORIGIN__:0x800060
                [0x00008000]                __TEXT_REGION_LENGTH__ = DEFINED (__TEXT_REGION_LENGTH__)?__TEXT_REGION_LENGTH__:0x20000
                [0x00000800]                __DATA_REGION_LENGTH__ = DEFINED (__DATA_REGION_LENGTH__)?__DATA_REGION_LENGTH__:0xffa0
                [0x00000400]                __EEPROM_REGION_LENGTH__ = DEFINED (__EEPROM_REGION_LENGTH__)?__EEPROM_REGION_LENGTH__:0x10000
                [0x00000002]                __FUSE_REGION_LENGTH__ = DEFINED (__FUSE_REGION_LENGTH__)?__FUSE_REGION_LENGTH__:0x400
                0x00000400                __LOCK_REGION_LENGTH__ = DEFINED (__LOCK_REGION_LENGTH__)?__LOCK_REGION_LENGTH__:0x400
                0x00000400                __SIGNATURE_REGION_LENGTH__ = DEFINED (__SIGNATURE_REGION_LENGTH__)?__SIGNATURE_REGION_LENGTH__:0x400
                0x00000400                __USER_SIGNATURE_REGION_LENGTH__ = DEFINED (__USER_SIGNATURE_REGION_LENGTH__)?__USER_SIGNATURE_REGION_LENGTH__:0x400

.hash
 *(.hash)

.dynsym
 *(.dynsym)

.dynstr
 *(.dynstr)

.gnu.version
 *(.gnu.version)

.gnu.version_d
 *(.gnu.version_d)

.gnu.version_r
 *(.gnu.version_r)

.rel.init
 *(.rel.init)

.rela.init
 *(.rela.init)

.rel.text
 *(.rel.text)
 *(.rel.text.*)
 *(.rel.gnu.linkonce.t*)

.rela.text
 *(.rela.text)
 *(.rela.text.*)
 *(.rela.gnu.linkonce.t*)

.rel.fini
 *(.rel.fini)

.rela.fini
 *(.rela.fini)

.rel.rodata
 *(.rel.rodata)
 *(.rel.rodata.*)
 *(.rel.gnu.linkonce.r*)

.rela.rodata
 *(.rela.rodata)
 *(.rela.rodata.*)
 *(.rela.gnu.linkonce.r*)

.rel.data
 *(.rel.data)
 *(.rel.data.*)
 *(.rel.gnu.linkonce.d*)

.rela.data
 *(.rela.data)
 *(.rela.data.*)
 *(.rela.gnu.linkonce.d*)

.rel.ctors
 *(.rel.ctors)

.rela.ctors
 *(.rela.ctors)

.rel.dtors
 *(.rel.dtors)

.rela.dtors
 *(.rela.dtors)

.rel.got
 *(.rel.got)

.rela.got
 *(.rela.got)

.rel.bss
 *(.rel.bss)

.rela.bss
 *(.rela.bss)

.rel.plt
 *(.rel.plt)

.rela.plt
 *(.rela.plt)

.text           0x00000000      0x5cc
 *(.vectors)
 .vectors       0x00000000       0x54 C:/Program Files (x86)/Atmel/Studio/7.0/Packs/atmel/ATmega_DFP/1.7.374/gcc/dev/atmega32/avr5/crtatmega32.o
                0x00000000                __vector_default
                0x00000000                __vectors
 *(.vectors)
 *(.progmem.gcc*)
                0x00000054                . = ALIGN (0x2)
                0x00000054                __trampolines_start = .
 *(.trampolines)
 .trampolines   0x00000054        0x0 linker stubs
 *(.trampolines*)
                0x00000054                __trampolines_end = .
 *libprintf_flt.a:*(.progmem.data)
 *libc.a:*(.progmem.data)
 *(.progmem*)
                0x00000054                . = ALIGN (0x2)
 *(.jumptables)
 *(.jumptables*)
 *(.lowtext)
 *(.lowtext*)
                0x00000054                __ctors_start = .
 *(.ctors)
                0x00000054                __ctors_end = .
                0x00000054                __dtors_start = .
 *(.dtors)
                0x00000054                __dtors_end = .
 SORT(*)(.ctors)
 SORT(*)(.dtors)
 *(.init0)
 .init0         0x00000054        0x0 C:/Program Files (x86)/Atmel/Studio/7.0/Packs/atmel/ATmega_DFP/1.7.374/gcc/dev/atmega32/avr5/crtatmega32.o
                0x00000054                __init
 *(.init0)
 *(.init1)
 *(.init1)
 *(.init2)
 .init2         0x00000054        0xc C:/Program Files (x86)/Atmel/Studio/7.0/Packs/atmel/ATmega_DFP/1.7.374/gcc/dev/atmega32/avr5/crtatmega32.o
 *(.init2)
 *(.init3)
 *(.init3)
 *(.init4)
 .init4         0x00000060       0x16 c:/program files (x86)/atmel/studio/7.0/toolchain/avr8/avr8-gnu-toolchain/bin/../lib/gcc/avr/5.4.0/avr5\libgcc.a(_copy_data.o)
                0x00000060                __do_copy_data
 *(.init4)
 *(.init5)
 *(.init5)
 *(.init6)
 *(.init6)
 *(.init7)
 *(.init7)
 *(.init8)
 *(.init8)
 *(.init9)
 .init9         0x00000076        0x8 C:/Program Files (x86)/Atmel/Studio/7.0/Packs/atmel/ATmega_DFP/1.7.374/gcc/dev/atmega32/avr5/crtatmega32.o
 *(.init9)
 *(.text)
 .text          0x0000007e        0x4 C:/Program Files (x86)/Atmel/Studio/7.0/Packs/atmel/ATmega_DFP/1.7.374/gcc/dev/atmega32/avr5/crtatmega32.o
                0x0000007e                __vector_1
                0x0000007e                __vector_12
                0x0000007e                __bad_interrupt
                0x0000007e                __vector_6
                0x0000007e                __vector_3
                0x0000007e                __vector_11
                0x0000007e                __vector_13
                0x0000007e                __vector_17
                0x0000007e                __vector_19
                0x0000007e                __vector_7
                0x0000007e                __vector_5
                0x0000007e                __vector_4
                0x0000007e                __vector_9
                0x0000007e                __vector_2
                0x0000007e                __vector_15
                0x0000007e                __vector_8
                0x0000007e                __vector_14
                0x0000007e                __vector_10
                0x0000007e                __vector_16
                0x0000007e                __vector_18
                0x0000007e                __vector_20
                0x00000082                . = ALIGN (0x2)
 *(.text.*)
 .text.main     0x00000082       0x46 APP/main.o
                0x00000082                main
 .text.LCD_VoidHalfSendData
                0x000000c8       0x78 HAL/LCD/LCD_PRog.o
 .text.LCD_VoidSendEnablePulse
                0x00000140       0x4c HAL/LCD/LCD_PRog.o
                0x00000140                LCD_VoidSendEnablePulse
 .text.LCD_VoidSendCommand
                0x0000018c       0x48 HAL/LCD/LCD_PRog.o
                0x0000018c                LCD_VoidSendCommand
 .text.LCD_VoidSendData
                0x000001d4       0x48 HAL/LCD/LCD_PRog.o
                0x000001d4                LCD_VoidSendData
 .text.LCD_VoidClear
                0x0000021c       0x14 HAL/LCD/LCD_PRog.o
                0x0000021c                LCD_VoidClear
 .text.LCD_VoidInit
                0x00000230       0x46 HAL/LCD/LCD_PRog.o
                0x00000230                LCD_VoidInit
 .text.LCD_VoidSendString
                0x00000276       0x26 HAL/LCD/LCD_PRog.o
                0x00000276                LCD_VoidSendString
 .text.LCD_VoidGotoXY
                0x0000029c       0x10 HAL/LCD/LCD_PRog.o
                0x0000029c                LCD_VoidGotoXY
 .text.LED_VoidON
                0x000002ac       0x34 HAL/LED/LED_PRog.o
                0x000002ac                LED_VoidON
 .text.LED_VoidOFF
                0x000002e0       0x34 HAL/LED/LED_PRog.o
                0x000002e0                LED_VoidOFF
 .text.DIO_voidSetPinDir
                0x00000314      0x10e MCAL/DIO/DIO_PRog.o
                0x00000314                DIO_voidSetPinDir
 .text.DIO_voidSetPinVal
                0x00000422      0x10e MCAL/DIO/DIO_PRog.o
                0x00000422                DIO_voidSetPinVal
 .text.DIO_VoidSetPortDir
                0x00000530       0x20 MCAL/DIO/DIO_PRog.o
                0x00000530                DIO_VoidSetPortDir
 .text.TIM0_VoidInit
                0x00000550       0x26 MCAL/TIM0/TIM0_PRog.o
                0x00000550                TIM0_VoidInit
 .text.TIM0_VoidDelayMs
                0x00000576       0x34 MCAL/TIM0/TIM0_PRog.o
                0x00000576                TIM0_VoidDelayMs
 .text.UART_VoidInit
                0x000005aa       0x16 MCAL/UART/UART_PRog.o
                0x000005aa                UART_VoidInit
 .text.UART_u8ReceiveData
                0x000005c0        0x8 MCAL/UART/UART_PRog.o
                0x000005c0                UART_u8ReceiveData
                0x000005c8                . = ALIGN (0x2)
 *(.fini9)
 .fini9         0x000005c8        0x0 c:/program files (x86)/atmel/studio/7.0/toolchain/avr8/avr8-gnu-toolchain/bin/../lib/gcc/avr/5.4.0/avr5\libgcc.a(_exit.o)
                0x000005c8                _exit
                0x000005c8                exit
 *(.fini9)
 *(.fini8)
 *(.fini8)
 *(.fini7)
 *(.fini7)
 *(.fini6)
 *(.fini6)
 *(.fini5)
 *(.fini5)
 *(.fini4)
 *(.fini4)
 *(.fini3)
 *(.fini3)
 *(.fini2)
 *(.fini2)
 *(.fini1)
 *(.fini1)
 *(.fini0)
 .fini0         0x000005c8        0x4 c:/program files (x86)/atmel/studio/7.0/toolchain/avr8/avr8-gnu-toolchain/bin/../lib/gcc/avr/5.4.0/avr5\libgcc.a(_exit.o)
 *(.fini0)
                0x000005cc                _etext = .

.data           0x00800060       0x12 load address 0x000005cc
                0x00800060                PROVIDE (__data_start, .)
 *(.data)
 *(.data*)
 *(.gnu.linkonce.d*)
 *(.rodata)
 *(.rodata*)
 .rodata.str1.1
                0x00800060       0x11 APP/main.o
 *(.gnu.linkonce.r*)
                0x00800072                . = ALIGN (0x2)
 *fill*         0x00800071        0x1 
                0x00800072                _edata = .
                0x00800072                PROVIDE (__data_end, .)

.bss            0x00800072        0x0
                [!provide]                PROVIDE (__bss_start, .)
 *(.bss)
 *(.bss*)
 *(COMMON)
                [!provide]                PROVIDE (__bss_end, .)
                0x000005cc                __data_load_start = LOADADDR (.data)
                0x000005de                __data_load_end = (__data_load_start + SIZEOF (.data))

.noinit         0x00800072        0x0
                [!provide]                PROVIDE (__noinit_start, .)
 *(.noinit*)
                [!provide]                PROVIDE (__noinit_end, .)
                0x00800072                _end = .
                [!provide]                PROVIDE (__heap_start, .)

.eeprom         0x00810000        0x0
 *(.eeprom*)
                0x00810000                __eeprom_end = .

.fuse
 *(.fuse)
 *(.lfuse)
 *(.hfuse)
 *(.efuse)

.lock
 *(.lock*)

.signature
 *(.signature*)

.user_signatures
 *(.user_signatures*)

.stab
 *(.stab)

.stabstr
 *(.stabstr)

.stab.excl
 *(.stab.excl)

.stab.exclstr
 *(.stab.exclstr)

.stab.index
 *(.stab.index)

.stab.indexstr
 *(.stab.indexstr)

.comment        0x00000000       0x30
 *(.comment)
 .comment       0x00000000       0x30 APP/main.o
                                 0x31 (size before relaxing)
 .comment       0x00000030       0x31 HAL/LCD/LCD_PRog.o
 .comment       0x00000030       0x31 HAL/LED/LED_PRog.o
 .comment       0x00000030       0x31 MCAL/DIO/DIO_PRog.o
 .comment       0x00000030       0x31 MCAL/TIM0/TIM0_PRog.o
 .comment       0x00000030       0x31 MCAL/UART/UART_PRog.o

.note.gnu.avr.deviceinfo
                0x00000000       0x3c
 .note.gnu.avr.deviceinfo
                0x00000000       0x3c C:/Program Files (x86)/Atmel/Studio/7.0/Packs/atmel/ATmega_DFP/1.7.374/gcc/dev/atmega32/avr5/crtatmega32.o

.note.gnu.build-id
 *(.note.gnu.build-id)

.debug
 *(.debug)

.line
 *(.line)

.debug_srcinfo
 *(.debug_srcinfo)

.debug_sfnames
 *(.debug_sfnames)

.debug_aranges  0x00000000      0x168
 *(.debug_aranges)
 .debug_aranges
                0x00000000       0x20 APP/main.o
 .debug_aranges
                0x00000020       0x68 HAL/LCD/LCD_PRog.o
 .debug_aranges
                0x00000088       0x30 HAL/LED/LED_PRog.o
 .debug_aranges
                0x000000b8       0x48 MCAL/DIO/DIO_PRog.o
 .debug_aranges
                0x00000100       0x28 MCAL/TIM0/TIM0_PRog.o
 .debug_aranges
                0x00000128       0x40 MCAL/UART/UART_PRog.o

.debug_pubnames
 *(.debug_pubnames)

.debug_info     0x00000000     0x166f
 *(.debug_info .gnu.linkonce.wi.*)
 .debug_info    0x00000000      0x4e6 C:/Program Files (x86)/Atmel/Studio/7.0/Packs/atmel/ATmega_DFP/1.7.374/gcc/dev/atmega32/avr5/crtatmega32.o
 .debug_info    0x000004e6      0x230 APP/main.o
 .debug_info    0x00000716      0x734 HAL/LCD/LCD_PRog.o
 .debug_info    0x00000e4a      0x302 HAL/LED/LED_PRog.o
 .debug_info    0x0000114c      0x2b2 MCAL/DIO/DIO_PRog.o
 .debug_info    0x000013fe      0x10a MCAL/TIM0/TIM0_PRog.o
 .debug_info    0x00001508      0x167 MCAL/UART/UART_PRog.o

.debug_abbrev   0x00000000      0xa64
 *(.debug_abbrev)
 .debug_abbrev  0x00000000      0x4a3 C:/Program Files (x86)/Atmel/Studio/7.0/Packs/atmel/ATmega_DFP/1.7.374/gcc/dev/atmega32/avr5/crtatmega32.o
 .debug_abbrev  0x000004a3       0xc0 APP/main.o
 .debug_abbrev  0x00000563      0x17d HAL/LCD/LCD_PRog.o
 .debug_abbrev  0x000006e0       0xea HAL/LED/LED_PRog.o
 .debug_abbrev  0x000007ca      0x114 MCAL/DIO/DIO_PRog.o
 .debug_abbrev  0x000008de       0x9f MCAL/TIM0/TIM0_PRog.o
 .debug_abbrev  0x0000097d       0xe7 MCAL/UART/UART_PRog.o

.debug_line     0x00000000      0xb1b
 *(.debug_line .debug_line.* .debug_line_end)
 .debug_line    0x00000000      0x116 C:/Program Files (x86)/Atmel/Studio/7.0/Packs/atmel/ATmega_DFP/1.7.374/gcc/dev/atmega32/avr5/crtatmega32.o
 .debug_line    0x00000116      0x15a APP/main.o
 .debug_line    0x00000270      0x36a HAL/LCD/LCD_PRog.o
 .debug_line    0x000005da       0xd8 HAL/LED/LED_PRog.o
 .debug_line    0x000006b2      0x24b MCAL/DIO/DIO_PRog.o
 .debug_line    0x000008fd       0xea MCAL/TIM0/TIM0_PRog.o
 .debug_line    0x000009e7      0x134 MCAL/UART/UART_PRog.o

.debug_frame    0x00000000      0x328
 *(.debug_frame)
 .debug_frame   0x00000000       0x24 APP/main.o
 .debug_frame   0x00000024      0x158 HAL/LCD/LCD_PRog.o
 .debug_frame   0x0000017c       0x74 HAL/LED/LED_PRog.o
 .debug_frame   0x000001f0       0x74 MCAL/DIO/DIO_PRog.o
 .debug_frame   0x00000264       0x40 MCAL/TIM0/TIM0_PRog.o
 .debug_frame   0x000002a4       0x84 MCAL/UART/UART_PRog.o

.debug_str      0x00000000      0x7b9
 *(.debug_str)
 .debug_str     0x00000000      0x196 C:/Program Files (x86)/Atmel/Studio/7.0/Packs/atmel/ATmega_DFP/1.7.374/gcc/dev/atmega32/avr5/crtatmega32.o
 .debug_str     0x00000196      0x239 APP/main.o
                                0x26d (size before relaxing)
 .debug_str     0x000003cf      0x221 HAL/LCD/LCD_PRog.o
                                0x422 (size before relaxing)
 .debug_str     0x000005f0       0x66 HAL/LED/LED_PRog.o
                                0x2ae (size before relaxing)
 .debug_str     0x00000656       0x5e MCAL/DIO/DIO_PRog.o
                                0x2d1 (size before relaxing)
 .debug_str     0x000006b4       0x81 MCAL/TIM0/TIM0_PRog.o
                                0x1fd (size before relaxing)
 .debug_str     0x00000735       0x84 MCAL/UART/UART_PRog.o
                                0x20e (size before relaxing)

.debug_loc      0x00000000      0xb3c
 *(.debug_loc)
 .debug_loc     0x00000000       0x2a APP/main.o
 .debug_loc     0x0000002a      0x590 HAL/LCD/LCD_PRog.o
 .debug_loc     0x000005ba      0x1c2 HAL/LED/LED_PRog.o
 .debug_loc     0x0000077c      0x227 MCAL/DIO/DIO_PRog.o
 .debug_loc     0x000009a3       0x59 MCAL/TIM0/TIM0_PRog.o
 .debug_loc     0x000009fc      0x140 MCAL/UART/UART_PRog.o

.debug_macinfo
 *(.debug_macinfo)

.debug_weaknames
 *(.debug_weaknames)

.debug_funcnames
 *(.debug_funcnames)

.debug_typenames
 *(.debug_typenames)

.debug_varnames
 *(.debug_varnames)

.debug_pubtypes
 *(.debug_pubtypes)

.debug_ranges   0x00000000      0x108
 *(.debug_ranges)
 .debug_ranges  0x00000000       0x10 APP/main.o
 .debug_ranges  0x00000010       0x58 HAL/LCD/LCD_PRog.o
 .debug_ranges  0x00000068       0x20 HAL/LED/LED_PRog.o
 .debug_ranges  0x00000088       0x38 MCAL/DIO/DIO_PRog.o
 .debug_ranges  0x000000c0       0x18 MCAL/TIM0/TIM0_PRog.o
 .debug_ranges  0x000000d8       0x30 MCAL/UART/UART_PRog.o

.debug_macro
 *(.debug_macro)
OUTPUT(UART_RX.elf elf32-avr)
LOAD linker stubs
